2026-08-11T20:03:45-04:00 INFO    [phase=prepare event=network.ipv6.checking] 🛜 正在检查当前网络是否支持IPv6...
2026-08-11T20:03:45-04:00 WARNING [phase=prepare event=network.ipv6.unsupported] 当前网络不支持IPv6，别担心，IPv6的结果会被保存下来
2026-08-11T20:03:45-04:00 INFO    [run=482d6d81ba8640c9bb7e88909f45478a phase=prepare event=run.started] 性能模式: auto → balance，可用资源: 16.0 CPU / 2.0 GB，并发: 测速 6、媒体探测 1、源抓取 4
2026-08-11T20:03:45-04:00 INFO    [run=482d6d81ba8640c9bb7e88909f45478a phase=prepare event=channels.catalog_loaded] 频道目录已加载：白名单 0，黑名单 2，台标 21
2026-08-11T20:03:45-04:00 INFO    [run=482d6d81ba8640c9bb7e88909f45478a phase=fetch event=sources.subscribe.summary] 订阅源数量：1，订阅白名单数量：0，停用地址数量：0，有效总数量：1
2026-08-11T20:03:45-04:00 INFO    [run=482d6d81ba8640c9bb7e88909f45478a phase=fetch event=progress.started] 正在进行获取订阅源  0/1
2026-08-11T20:03:48-04:00 INFO    [run=482d6d81ba8640c9bb7e88909f45478a phase=fetch event=sources.subscribe.finished] 订阅源: ✅ 有效地址数量：1，⛔ 停用地址数量：0
2026-08-11T20:03:48-04:00 INFO    [run=482d6d81ba8640c9bb7e88909f45478a phase=fetch event=sources.subscribe.epg_discovered] 📡 从订阅源中发现 2 个 EPG 地址
2026-08-11T20:03:48-04:00 INFO    [run=482d6d81ba8640c9bb7e88909f45478a phase=fetch event=progress.finished] 正在进行获取订阅源  1/1  未匹配 10000
2026-08-11T20:03:48-04:00 INFO    [run=482d6d81ba8640c9bb7e88909f45478a phase=fetch event=sources.epg.summary] EPG源数量：1，EPG白名单数量：0，停用地址数量：0，有效总数量：3
2026-08-11T20:03:48-04:00 INFO    [run=482d6d81ba8640c9bb7e88909f45478a phase=fetch event=progress.started] 正在进行获取EPG源  0/3
2026-08-11T20:03:49-04:00 INFO    [run=482d6d81ba8640c9bb7e88909f45478a phase=fetch event=epg.source_parsed] EPG 源解析完成：http://e.erw.cc/e.xml.gz，保留节目 185 条
2026-08-11T20:03:50-04:00 INFO    [run=482d6d81ba8640c9bb7e88909f45478a phase=fetch event=epg.source_parsed] EPG 源解析完成：https://raw.githubusercontent.com/StrangeDrVN/epg/public/guide.xml.gz，保留节目 0 条
2026-08-11T20:03:51-04:00 INFO    [run=482d6d81ba8640c9bb7e88909f45478a phase=fetch event=epg.source_parsed] EPG 源解析完成：https://worker-9dd4.onrender.com/guide.xml.gz，保留节目 0 条
2026-08-11T20:03:51-04:00 INFO    [run=482d6d81ba8640c9bb7e88909f45478a phase=fetch event=sources.epg.finished] EPG源: ✅ 有效地址数量：1，⛔ 停用地址数量：0
2026-08-11T20:03:51-04:00 INFO    [run=482d6d81ba8640c9bb7e88909f45478a phase=fetch event=progress.finished] 正在进行获取EPG源  3/3  匹配 7 个频道
2026-08-11T20:03:51-04:00 INFO    [run=482d6d81ba8640c9bb7e88909f45478a phase=aggregate event=channels.aggregated] 频道数据聚合完成：29 个频道，8 个接口（IPv4 8 / IPv6 0）
2026-08-11T20:03:51-04:00 INFO    [run=482d6d81ba8640c9bb7e88909f45478a phase=speed_test event=speed_test.planned] 总接口数量: 8, 需要进行测速的接口数量: 8
2026-08-11T20:03:51-04:00 INFO    [run=482d6d81ba8640c9bb7e88909f45478a phase=speed_test event=progress.started] 测速  0/8
2026-08-11T20:03:56-04:00 INFO    [run=482d6d81ba8640c9bb7e88909f45478a phase=speed_test event=speed_test.artifacts_written] 测速明细已写入 output\log/speed_test.log，有效结果已写入 output\log/result.log
2026-08-11T20:03:56-04:00 INFO    [run=482d6d81ba8640c9bb7e88909f45478a phase=speed_test event=progress.finished] 测速  8/8  有效 2  失败 6
2026-08-11T20:03:56-04:00 INFO    [run=482d6d81ba8640c9bb7e88909f45478a phase=output event=output.written] 结果文件生成完成：更新 6 个文件
2026-08-11T20:03:56-04:00 INFO    [run=482d6d81ba8640c9bb7e88909f45478a phase=statistics event=statistics.finished] 频道统计完成：测试 8，有效 2
2026-08-11T20:03:56-04:00 INFO    [run=482d6d81ba8640c9bb7e88909f45478a phase=complete event=run.summary] 更新摘要
2026-08-11T20:03:56-04:00 INFO    [run=482d6d81ba8640c9bb7e88909f45478a phase=complete event=run.finished] 更新完成！总耗时：00:10
2026-08-11T20:03:56-04:00 INFO    [phase=schedule event=schedule.next_run] 下次更新时间: 2026-08-12 20:03:56
2026-08-11T20:14:27-04:00 INFO    [phase=prepare event=network.ipv6.checking] 🛜 正在检查当前网络是否支持IPv6...
2026-08-11T20:14:27-04:00 WARNING [phase=prepare event=network.ipv6.unsupported] 当前网络不支持IPv6，别担心，IPv6的结果会被保存下来
2026-08-11T20:14:27-04:00 INFO    [run=f94759ae600f4a0e8dd6edd7ce7f3a88 phase=prepare event=run.started] 性能模式: auto → balance，可用资源: 16.0 CPU / 2.0 GB，并发: 测速 6、媒体探测 1、源抓取 4
2026-08-11T20:14:27-04:00 INFO    [run=f94759ae600f4a0e8dd6edd7ce7f3a88 phase=prepare event=channels.catalog_loaded] 频道目录已加载：白名单 0，黑名单 2，台标 21
2026-08-11T20:14:27-04:00 INFO    [run=f94759ae600f4a0e8dd6edd7ce7f3a88 phase=fetch event=sources.subscribe.summary] 订阅源数量：4，订阅白名单数量：0，停用地址数量：0，有效总数量：4
2026-08-11T20:14:27-04:00 INFO    [run=f94759ae600f4a0e8dd6edd7ce7f3a88 phase=fetch event=progress.started] 正在进行获取订阅源  0/4
2026-08-11T20:14:30-04:00 INFO    [run=f94759ae600f4a0e8dd6edd7ce7f3a88 phase=fetch event=sources.subscribe.finished] 订阅源: ✅ 有效地址数量：4，⛔ 停用地址数量：0
2026-08-11T20:14:30-04:00 INFO    [run=f94759ae600f4a0e8dd6edd7ce7f3a88 phase=fetch event=sources.subscribe.epg_discovered] 📡 从订阅源中发现 2 个 EPG 地址
2026-08-11T20:14:30-04:00 INFO    [run=f94759ae600f4a0e8dd6edd7ce7f3a88 phase=fetch event=progress.finished] 正在进行获取订阅源  4/4  未匹配 10000
2026-08-11T20:14:30-04:00 INFO    [run=f94759ae600f4a0e8dd6edd7ce7f3a88 phase=fetch event=sources.epg.summary] EPG源数量：1，EPG白名单数量：0，停用地址数量：0，有效总数量：3
2026-08-11T20:14:30-04:00 INFO    [run=f94759ae600f4a0e8dd6edd7ce7f3a88 phase=fetch event=progress.started] 正在进行获取EPG源  0/3
2026-08-11T20:14:31-04:00 INFO    [run=f94759ae600f4a0e8dd6edd7ce7f3a88 phase=fetch event=epg.source_parsed] EPG 源解析完成：http://e.erw.cc/e.xml.gz，保留节目 185 条
2026-08-11T20:14:32-04:00 INFO    [run=f94759ae600f4a0e8dd6edd7ce7f3a88 phase=fetch event=epg.source_parsed] EPG 源解析完成：https://raw.githubusercontent.com/StrangeDrVN/epg/public/guide.xml.gz，保留节目 0 条
2026-08-11T20:14:32-04:00 INFO    [run=f94759ae600f4a0e8dd6edd7ce7f3a88 phase=fetch event=epg.source_parsed] EPG 源解析完成：https://worker-9dd4.onrender.com/guide.xml.gz，保留节目 0 条
2026-08-11T20:14:32-04:00 INFO    [run=f94759ae600f4a0e8dd6edd7ce7f3a88 phase=fetch event=sources.epg.finished] EPG源: ✅ 有效地址数量：1，⛔ 停用地址数量：0
2026-08-11T20:14:32-04:00 INFO    [run=f94759ae600f4a0e8dd6edd7ce7f3a88 phase=fetch event=progress.finished] 正在进行获取EPG源  3/3  匹配 7 个频道
2026-08-11T20:14:32-04:00 INFO    [run=f94759ae600f4a0e8dd6edd7ce7f3a88 phase=aggregate event=channels.aggregated] 频道数据聚合完成：29 个频道，8 个接口（IPv4 8 / IPv6 0）
2026-08-11T20:14:32-04:00 INFO    [run=f94759ae600f4a0e8dd6edd7ce7f3a88 phase=speed_test event=speed_test.planned] 总接口数量: 8, 需要进行测速的接口数量: 8
2026-08-11T20:14:32-04:00 INFO    [run=f94759ae600f4a0e8dd6edd7ce7f3a88 phase=speed_test event=progress.started] 测速  0/8
2026-08-11T20:14:37-04:00 INFO    [run=f94759ae600f4a0e8dd6edd7ce7f3a88 phase=speed_test event=speed_test.artifacts_written] 测速明细已写入 output\log/speed_test.log，有效结果已写入 output\log/result.log
2026-08-11T20:14:37-04:00 INFO    [run=f94759ae600f4a0e8dd6edd7ce7f3a88 phase=speed_test event=progress.finished] 测速  8/8  有效 3  失败 5
2026-08-11T20:14:37-04:00 INFO    [run=f94759ae600f4a0e8dd6edd7ce7f3a88 phase=output event=output.written] 结果文件生成完成：更新 4 个文件
2026-08-11T20:14:37-04:00 INFO    [run=f94759ae600f4a0e8dd6edd7ce7f3a88 phase=statistics event=statistics.finished] 频道统计完成：测试 8，有效 3
2026-08-11T20:14:37-04:00 INFO    [run=f94759ae600f4a0e8dd6edd7ce7f3a88 phase=complete event=run.summary] 更新摘要
2026-08-11T20:14:37-04:00 INFO    [run=f94759ae600f4a0e8dd6edd7ce7f3a88 phase=complete event=run.finished] 更新完成！总耗时：00:09
2026-08-11T20:14:37-04:00 INFO    [phase=schedule event=schedule.next_run] 下次更新时间: 2026-08-12 20:14:37
2026-08-11T21:01:36-04:00 INFO    [phase=prepare event=network.ipv6.checking] 🛜 正在检查当前网络是否支持IPv6...
2026-08-11T21:01:36-04:00 WARNING [phase=prepare event=network.ipv6.unsupported] 当前网络不支持IPv6，别担心，IPv6的结果会被保存下来
2026-08-11T21:01:36-04:00 INFO    [run=2c51bc68bbaf4168904e381f8a9c9493 phase=prepare event=run.started] 性能模式: auto → balance，可用资源: 16.0 CPU / 2.0 GB，并发: 测速 6、媒体探测 1、源抓取 4
2026-08-11T21:01:36-04:00 INFO    [run=2c51bc68bbaf4168904e381f8a9c9493 phase=prepare event=channels.catalog_loaded] 频道目录已加载：白名单 0，黑名单 2，台标 21
2026-08-11T21:01:36-04:00 INFO    [run=2c51bc68bbaf4168904e381f8a9c9493 phase=fetch event=sources.subscribe.summary] 订阅源数量：3，订阅白名单数量：0，停用地址数量：0，有效总数量：3
2026-08-11T21:01:36-04:00 INFO    [run=2c51bc68bbaf4168904e381f8a9c9493 phase=fetch event=progress.started] 正在进行获取订阅源  0/3
2026-08-11T21:01:37-04:00 INFO    [run=2c51bc68bbaf4168904e381f8a9c9493 phase=fetch event=sources.subscribe.finished] 订阅源: ✅ 有效地址数量：3，⛔ 停用地址数量：0
2026-08-11T21:01:37-04:00 INFO    [run=2c51bc68bbaf4168904e381f8a9c9493 phase=fetch event=sources.subscribe.epg_discovered] 📡 从订阅源中发现 1 个 EPG 地址
2026-08-11T21:01:37-04:00 INFO    [run=2c51bc68bbaf4168904e381f8a9c9493 phase=fetch event=progress.finished] 正在进行获取订阅源  3/3  未匹配 602
2026-08-11T21:01:37-04:00 INFO    [run=2c51bc68bbaf4168904e381f8a9c9493 phase=fetch event=sources.epg.summary] EPG源数量：1，EPG白名单数量：0，停用地址数量：0，有效总数量：2
2026-08-11T21:01:37-04:00 INFO    [run=2c51bc68bbaf4168904e381f8a9c9493 phase=fetch event=progress.started] 正在进行获取EPG源  0/2
2026-08-11T21:01:38-04:00 INFO    [run=2c51bc68bbaf4168904e381f8a9c9493 phase=fetch event=epg.source_parsed] EPG 源解析完成：http://e.erw.cc/e.xml.gz，保留节目 185 条
2026-08-11T21:01:39-04:00 INFO    [run=2c51bc68bbaf4168904e381f8a9c9493 phase=fetch event=epg.source_parsed] EPG 源解析完成：https://raw.githubusercontent.com/StrangeDrVN/epg/public/guide.xml.gz，保留节目 0 条
2026-08-11T21:01:39-04:00 INFO    [run=2c51bc68bbaf4168904e381f8a9c9493 phase=fetch event=sources.epg.finished] EPG源: ✅ 有效地址数量：1，⛔ 停用地址数量：0
2026-08-11T21:01:39-04:00 INFO    [run=2c51bc68bbaf4168904e381f8a9c9493 phase=fetch event=progress.finished] 正在进行获取EPG源  2/2  匹配 7 个频道
2026-08-11T21:01:39-04:00 INFO    [run=2c51bc68bbaf4168904e381f8a9c9493 phase=aggregate event=channels.aggregated] 频道数据聚合完成：29 个频道，8 个接口（IPv4 8 / IPv6 0）
2026-08-11T21:01:39-04:00 INFO    [run=2c51bc68bbaf4168904e381f8a9c9493 phase=speed_test event=speed_test.planned] 总接口数量: 8, 需要进行测速的接口数量: 8
2026-08-11T21:01:39-04:00 INFO    [run=2c51bc68bbaf4168904e381f8a9c9493 phase=speed_test event=progress.started] 测速  0/8
2026-08-11T21:01:43-04:00 INFO    [run=2c51bc68bbaf4168904e381f8a9c9493 phase=speed_test event=speed_test.artifacts_written] 测速明细已写入 output\log/speed_test.log，有效结果已写入 output\log/result.log
2026-08-11T21:01:43-04:00 INFO    [run=2c51bc68bbaf4168904e381f8a9c9493 phase=speed_test event=progress.finished] 测速  8/8  有效 3  失败 5
2026-08-11T21:01:43-04:00 INFO    [run=2c51bc68bbaf4168904e381f8a9c9493 phase=output event=output.written] 结果文件生成完成：更新 6 个文件
2026-08-11T21:01:43-04:00 INFO    [run=2c51bc68bbaf4168904e381f8a9c9493 phase=statistics event=statistics.finished] 频道统计完成：测试 8，有效 3
2026-08-11T21:01:43-04:00 INFO    [run=2c51bc68bbaf4168904e381f8a9c9493 phase=complete event=run.summary] 更新摘要
2026-08-11T21:01:43-04:00 INFO    [run=2c51bc68bbaf4168904e381f8a9c9493 phase=complete event=run.finished] 更新完成！总耗时：00:07
2026-08-11T21:01:43-04:00 INFO    [phase=schedule event=schedule.next_run] 下次更新时间: 2026-08-12 21:01:43
2026-08-11T21:06:04-04:00 INFO    [phase=prepare event=network.ipv6.checking] 🛜 正在检查当前网络是否支持IPv6...
2026-08-11T21:06:05-04:00 WARNING [phase=prepare event=network.ipv6.unsupported] 当前网络不支持IPv6，别担心，IPv6的结果会被保存下来
2026-08-11T21:06:05-04:00 INFO    [run=9201ffff047b425b86e1e433549abb8c phase=prepare event=run.started] 性能模式: auto → balance，可用资源: 16.0 CPU / 2.0 GB，并发: 测速 6、媒体探测 1、源抓取 4
2026-08-11T21:06:05-04:00 INFO    [run=9201ffff047b425b86e1e433549abb8c phase=prepare event=channels.catalog_loaded] 频道目录已加载：白名单 0，黑名单 2，台标 21
2026-08-11T21:06:05-04:00 INFO    [run=9201ffff047b425b86e1e433549abb8c phase=fetch event=sources.subscribe.summary] 订阅源数量：3，订阅白名单数量：0，停用地址数量：0，有效总数量：3
2026-08-11T21:06:05-04:00 INFO    [run=9201ffff047b425b86e1e433549abb8c phase=fetch event=progress.started] 正在进行获取订阅源  0/3
2026-08-11T21:06:06-04:00 INFO    [run=9201ffff047b425b86e1e433549abb8c phase=fetch event=sources.subscribe.finished] 订阅源: ✅ 有效地址数量：3，⛔ 停用地址数量：0
2026-08-11T21:06:06-04:00 INFO    [run=9201ffff047b425b86e1e433549abb8c phase=fetch event=sources.subscribe.epg_discovered] 📡 从订阅源中发现 1 个 EPG 地址
2026-08-11T21:06:06-04:00 INFO    [run=9201ffff047b425b86e1e433549abb8c phase=fetch event=progress.finished] 正在进行获取订阅源  3/3  未匹配 594
2026-08-11T21:06:06-04:00 INFO    [run=9201ffff047b425b86e1e433549abb8c phase=fetch event=sources.epg.summary] EPG源数量：1，EPG白名单数量：0，停用地址数量：0，有效总数量：2
2026-08-11T21:06:06-04:00 INFO    [run=9201ffff047b425b86e1e433549abb8c phase=fetch event=progress.started] 正在进行获取EPG源  0/2
2026-08-11T21:06:08-04:00 INFO    [run=9201ffff047b425b86e1e433549abb8c phase=fetch event=epg.source_parsed] EPG 源解析完成：http://e.erw.cc/e.xml.gz，保留节目 18155 条
2026-08-11T21:06:12-04:00 INFO    [run=9201ffff047b425b86e1e433549abb8c phase=fetch event=epg.source_parsed] EPG 源解析完成：https://raw.githubusercontent.com/StrangeDrVN/epg/public/guide.xml.gz，保留节目 27955 条
2026-08-11T21:06:12-04:00 INFO    [run=9201ffff047b425b86e1e433549abb8c phase=fetch event=sources.epg.finished] EPG源: ✅ 有效地址数量：1，⛔ 停用地址数量：0
2026-08-11T21:06:12-04:00 INFO    [run=9201ffff047b425b86e1e433549abb8c phase=fetch event=progress.finished] 正在进行获取EPG源  2/2  匹配 957 个频道
2026-08-11T21:06:13-04:00 INFO    [run=9201ffff047b425b86e1e433549abb8c phase=aggregate event=channels.aggregated] 频道数据聚合完成：45 个频道，598 个接口（IPv4 598 / IPv6 0）
2026-08-11T21:06:13-04:00 INFO    [run=9201ffff047b425b86e1e433549abb8c phase=speed_test event=speed_test.planned] 总接口数量: 13, 需要进行测速的接口数量: 13
2026-08-11T21:06:13-04:00 INFO    [run=9201ffff047b425b86e1e433549abb8c phase=speed_test event=progress.started] 测速  0/13
2026-08-11T21:06:27-04:00 INFO    [run=9201ffff047b425b86e1e433549abb8c phase=speed_test event=speed_test.artifacts_written] 测速明细已写入 output\log/speed_test.log，有效结果已写入 output\log/result.log
2026-08-11T21:06:27-04:00 INFO    [run=9201ffff047b425b86e1e433549abb8c phase=speed_test event=progress.finished] 测速  13/13  有效 10  失败 3
2026-08-11T21:06:27-04:00 INFO    [run=9201ffff047b425b86e1e433549abb8c phase=output event=output.written] 结果文件生成完成：更新 6 个文件
2026-08-11T21:06:27-04:00 INFO    [run=9201ffff047b425b86e1e433549abb8c phase=statistics event=statistics.finished] 频道统计完成：测试 13，有效 10
2026-08-11T21:06:27-04:00 INFO    [run=9201ffff047b425b86e1e433549abb8c phase=complete event=run.summary] 更新摘要
2026-08-11T21:06:27-04:00 INFO    [run=9201ffff047b425b86e1e433549abb8c phase=complete event=run.finished] 更新完成！总耗时：00:22
2026-08-11T21:06:27-04:00 INFO    [phase=schedule event=schedule.next_run] 下次更新时间: 2026-08-12 21:06:27
